24.09.2026 21:04:38 | INFO     | Программа запущена. Каталог журнала: /workspace/логи
24.09.2026 21:04:38 | INFO     | Начало обработки (режим: один файл поставщика).
24.09.2026 21:04:38 | INFO     | Файл поставщика 1: /tmp/kompleks_test_4u4zq9c1/sup1.xlsx
24.09.2026 21:04:38 | INFO     | Файл для загрузки в Комплекс: /tmp/kompleks_test_4u4zq9c1/tgt.xlsx
24.09.2026 21:04:38 | INFO     | Файл результата: /tmp/kompleks_test_4u4zq9c1/out1.xlsx
24.09.2026 21:04:38 | DEBUG    | Файл загрузки прочитан: строк=3, столбцов=11.
24.09.2026 21:04:38 | DEBUG    | Файл поставщика «sup1.xlsx» прочитан: строк=2, столбцов=7.
24.09.2026 21:04:38 | WARNING  | Код семьи не найден в файле поставщика (проставлены 0): 999
24.09.2026 21:04:38 | INFO     | Обработка завершена: строк=3, совпадений по KOD=2, не найдено KOD=1, дублей=0. Результат: /tmp/kompleks_test_4u4zq9c1/out1.xlsx
24.09.2026 21:04:38 | INFO     | Начало обработки (режим: несколько файлов поставщика).
24.09.2026 21:04:38 | INFO     | Файл поставщика 1: /tmp/kompleks_test_4u4zq9c1/sup1.xlsx
24.09.2026 21:04:38 | INFO     | Файл поставщика 2: /tmp/kompleks_test_4u4zq9c1/sup2.xlsx
24.09.2026 21:04:38 | INFO     | Файл для загрузки в Комплекс: /tmp/kompleks_test_4u4zq9c1/tgt.xlsx
24.09.2026 21:04:38 | INFO     | Файл результата: /tmp/kompleks_test_4u4zq9c1/out2.xlsx
24.09.2026 21:04:38 | DEBUG    | Файл загрузки прочитан: строк=3, столбцов=11.
24.09.2026 21:04:38 | DEBUG    | Файл поставщика «sup1.xlsx» прочитан: строк=2, столбцов=7.
24.09.2026 21:04:38 | DEBUG    | Файл поставщика «sup2.xlsx» прочитан: строк=2, столбцов=7.
24.09.2026 21:04:38 | WARNING  | KOD повторяется среди всех файлов поставщика: 200 — взята запись с наибольшей суммой (SUM_N).
24.09.2026 21:04:38 | WARNING  | Код семьи не найден в файле поставщика (проставлены 0): 999
24.09.2026 21:04:38 | INFO     | Обработка завершена: строк=3, совпадений по KOD=2, не найдено KOD=1, дублей=1. Результат: /tmp/kompleks_test_4u4zq9c1/out2.xlsx
24.09.2026 21:04:38 | INFO     | Завершение работы программы.
